    Finished `release` profile [optimized] target(s) in 0.03s
     Running `target/release/bench --e4b --trace`
[trace] tok=0 encode=1281µs wait=0µs sync=0µs disp=71 bar=73 commit=0 cold=4 bytes≈0.00GiB
               embed      1µs  ~0.0 MiB
               layer      0µs  ~0.0 MiB
               layer      0µs  ~0.0 MiB
               layer      0µs  ~0.0 MiB

[trace] aggregate over 1 tokens (host encode µs / est bytes):
                  op   ms_total      MiB_est
               embed       0.00          0.0
               layer       0.00          0.0
[trace] tok=0 encode=33µs wait=0µs sync=0µs disp=71 bar=73 commit=0 cold=0 bytes≈0.00GiB
               embed      0µs  ~0.0 MiB
               layer      0µs  ~0.0 MiB
               layer      0µs  ~0.0 MiB
               layer      0µs  ~0.0 MiB
[trace] tok=0 encode=27µs wait=0µs sync=0µs disp=71 bar=73 commit=0 cold=0 bytes≈0.00GiB
               embed      0µs  ~0.0 MiB
               layer      0µs  ~0.0 MiB
               layer      0µs  ~0.0 MiB
               layer      0µs  ~0.0 MiB
encode_once: DecodeIcb layer-graph attached (decode_icb cmds=71 layer_graph=true encoded=true optimized=true executes=0 sticky_buf=17/427 prebuilt=71 last_setAddress=0/0 last_setArgTable=0 elided=0)
encode_once: scalar-write tape ops=191 (skip-nop replay)
[trace] tok=0 encode=146µs wait=0µs sync=0µs disp=75 bar=77 commit=0 cold=0 bytes≈0.00GiB
               embed      0µs  ~0.0 MiB
               layer      0µs  ~0.0 MiB
               layer      0µs  ~0.0 MiB
               layer      0µs  ~0.0 MiB
             lm_head      0µs  ~0.1 MiB
[trace] tok=0 encode=111µs wait=0µs sync=0µs disp=76 bar=67 commit=0 cold=0 bytes≈0.00GiB
               embed      0µs  ~0.0 MiB
             lm_head      0µs  ~0.1 MiB
      softcap_argmax      0µs  ~0.0 MiB
[trace] tok=0 encode=65µs wait=0µs sync=0µs disp=76 bar=67 commit=0 cold=0 bytes≈0.00GiB
               embed      1µs  ~0.0 MiB
             lm_head      0µs  ~0.1 MiB
      softcap_argmax      0µs  ~0.0 MiB
[trace] tok=0 encode=66µs wait=0µs sync=0µs disp=71 bar=73 commit=0 cold=0 bytes≈0.00GiB
               embed      1µs  ~0.0 MiB
               layer      0µs  ~0.0 MiB
               layer      0µs  ~0.0 MiB
               layer      0µs  ~0.0 MiB

[trace] aggregate over 1 tokens (host encode µs / est bytes):
                  op   ms_total      MiB_est
               embed       0.00          0.0
               layer       0.00          0.0
[trace] tok=0 encode=21µs wait=0µs sync=0µs disp=71 bar=73 commit=0 cold=0 bytes≈0.00GiB
               embed      0µs  ~0.0 MiB
               layer      0µs  ~0.0 MiB
               layer      0µs  ~0.0 MiB
               layer      0µs  ~0.0 MiB
[trace] tok=0 encode=20µs wait=0µs sync=0µs disp=71 bar=73 commit=0 cold=0 bytes≈0.00GiB
               embed      0µs  ~0.0 MiB
               layer      0µs  ~0.0 MiB
               layer      0µs  ~0.0 MiB
               layer      0µs  ~0.0 MiB
[trace] tok=0 encode=15µs wait=0µs sync=0µs disp=75 bar=66 commit=0 cold=0 bytes≈0.00GiB
               embed      0µs  ~0.0 MiB
             lm_head      0µs  ~0.1 MiB
      softcap_argmax      0µs  ~0.0 MiB
[trace] tok=0 encode=54µs wait=0µs sync=0µs disp=76 bar=67 commit=0 cold=0 bytes≈0.00GiB
               embed      1µs  ~0.0 MiB
             lm_head      0µs  ~0.1 MiB
      softcap_argmax      0µs  ~0.0 MiB
[trace] tok=0 encode=18µs wait=0µs sync=0µs disp=76 bar=67 commit=0 cold=0 bytes≈0.00GiB
               embed      0µs  ~0.0 MiB
             lm_head      0µs  ~0.1 MiB
      softcap_argmax      0µs  ~0.0 MiB
[trace] tok=0 encode=15µs wait=0µs sync=0µs disp=76 bar=67 commit=0 cold=0 bytes≈0.00GiB
               embed      0µs  ~0.0 MiB
             lm_head      0µs  ~0.1 MiB
      softcap_argmax      0µs  ~0.0 MiB
[trace] tok=0 encode=15µs wait=0µs sync=0µs disp=76 bar=67 commit=0 cold=0 bytes≈0.00GiB
               embed      0µs  ~0.0 MiB
             lm_head      0µs  ~0.1 MiB
      softcap_argmax      0µs  ~0.0 MiB
[trace] tok=0 encode=44µs wait=0µs sync=0µs disp=76 bar=67 commit=0 cold=0 bytes≈0.00GiB
               embed      0µs  ~0.0 MiB
             lm_head      0µs  ~0.1 MiB
      softcap_argmax      0µs  ~0.0 MiB
[trace] tok=0 encode=25µs wait=0µs sync=0µs disp=76 bar=67 commit=0 cold=0 bytes≈0.00GiB
               embed      0µs  ~0.0 MiB
             lm_head      0µs  ~0.1 MiB
      softcap_argmax      0µs  ~0.0 MiB
[trace] tok=0 encode=23µs wait=0µs sync=0µs disp=76 bar=67 commit=0 cold=0 bytes≈0.00GiB
               embed      0µs  ~0.0 MiB
             lm_head      0µs  ~0.1 MiB
      softcap_argmax      0µs  ~0.0 MiB
[trace] tok=0 encode=21µs wait=0µs sync=0µs disp=76 bar=67 commit=0 cold=0 bytes≈0.00GiB
               embed      0µs  ~0.0 MiB
             lm_head      0µs  ~0.1 MiB
      softcap_argmax      0µs  ~0.0 MiB
[trace] tok=0 encode=26µs wait=0µs sync=0µs disp=76 bar=67 commit=0 cold=0 bytes≈0.00GiB
               embed      0µs  ~0.0 MiB
             lm_head      0µs  ~0.1 MiB
      softcap_argmax      0µs  ~0.0 MiB
[trace] tok=0 encode=31µs wait=0µs sync=0µs disp=76 bar=67 commit=0 cold=0 bytes≈0.00GiB
               embed      0µs  ~0.0 MiB
             lm_head      0µs  ~0.1 MiB
      softcap_argmax      0µs  ~0.0 MiB
[trace] tok=0 encode=22µs wait=0µs sync=0µs disp=76 bar=67 commit=0 cold=0 bytes≈0.00GiB
               embed      0µs  ~0.0 MiB
             lm_head      0µs  ~0.1 MiB
      softcap_argmax      0µs  ~0.0 MiB
[trace] tok=0 encode=21µs wait=0µs sync=0µs disp=76 bar=67 commit=0 cold=0 bytes≈0.00GiB
               embed      0µs  ~0.0 MiB
             lm_head      0µs  ~0.1 MiB
      softcap_argmax      0µs  ~0.0 MiB
[trace] tok=0 encode=22µs wait=0µs sync=0µs disp=76 bar=67 commit=0 cold=0 bytes≈0.00GiB
               embed      0µs  ~0.0 MiB
             lm_head      0µs  ~0.1 MiB
      softcap_argmax      0µs  ~0.0 MiB
[trace] tok=0 encode=23µs wait=0µs sync=0µs disp=76 bar=67 commit=0 cold=0 bytes≈0.00GiB
               embed      0µs  ~0.0 MiB
             lm_head      0µs  ~0.1 MiB
      softcap_argmax      0µs  ~0.0 MiB
[trace] tok=0 encode=29µs wait=0µs sync=0µs disp=76 bar=67 commit=0 cold=0 bytes≈0.00GiB
               embed      0µs  ~0.0 MiB
             lm_head      0µs  ~0.1 MiB
      softcap_argmax      0µs  ~0.0 MiB
[trace] tok=0 encode=23µs wait=0µs sync=0µs disp=76 bar=67 commit=0 cold=0 bytes≈0.00GiB
               embed      0µs  ~0.0 MiB
             lm_head      0µs  ~0.1 MiB
      softcap_argmax      0µs  ~0.0 MiB
[trace] tok=0 encode=28µs wait=0µs sync=0µs disp=76 bar=67 commit=0 cold=0 bytes≈0.00GiB
               embed      0µs  ~0.0 MiB
             lm_head      0µs  ~0.1 MiB
      softcap_argmax      0µs  ~0.0 MiB
[trace] tok=0 encode=47µs wait=0µs sync=0µs disp=76 bar=67 commit=0 cold=0 bytes≈0.00GiB
               embed      0µs  ~0.0 MiB
             lm_head      0µs  ~0.1 MiB
      softcap_argmax      0µs  ~0.0 MiB
[trace] tok=0 encode=30µs wait=0µs sync=0µs disp=76 bar=67 commit=0 cold=0 bytes≈0.00GiB
               embed      0µs  ~0.0 MiB
             lm_head      0µs  ~0.1 MiB
      softcap_argmax      0µs  ~0.0 MiB
[trace] tok=0 encode=30µs wait=0µs sync=0µs disp=76 bar=67 commit=0 cold=0 bytes≈0.00GiB
               embed      0µs  ~0.0 MiB
             lm_head      0µs  ~0.1 MiB
      softcap_argmax      0µs  ~0.0 MiB
[trace] tok=0 encode=22µs wait=0µs sync=0µs disp=76 bar=67 commit=0 cold=0 bytes≈0.00GiB
               embed      0µs  ~0.0 MiB
             lm_head      0µs  ~0.1 MiB
      softcap_argmax      0µs  ~0.0 MiB
[trace] tok=0 encode=23µs wait=0µs sync=0µs disp=76 bar=67 commit=0 cold=0 bytes≈0.00GiB
               embed      0µs  ~0.0 MiB
             lm_head      0µs  ~0.1 MiB
      softcap_argmax      0µs  ~0.0 MiB
[trace] tok=0 encode=23µs wait=0µs sync=0µs disp=76 bar=67 commit=0 cold=0 bytes≈0.00GiB
               embed      0µs  ~0.0 MiB
             lm_head      0µs  ~0.1 MiB
      softcap_argmax      0µs  ~0.0 MiB
[trace] tok=0 encode=21µs wait=0µs sync=0µs disp=76 bar=67 commit=0 cold=0 bytes≈0.00GiB
               embed      0µs  ~0.0 MiB
             lm_head      0µs  ~0.1 MiB
      softcap_argmax      0µs  ~0.0 MiB
[trace] tok=0 encode=17µs wait=0µs sync=0µs disp=76 bar=67 commit=0 cold=0 bytes≈0.00GiB
               embed      0µs  ~0.0 MiB
             lm_head      0µs  ~0.1 MiB
      softcap_argmax      0µs  ~0.0 MiB
[trace] tok=0 encode=22µs wait=0µs sync=0µs disp=76 bar=67 commit=0 cold=0 bytes≈0.00GiB
               embed      0µs  ~0.0 MiB
             lm_head      0µs  ~0.1 MiB
      softcap_argmax      0µs  ~0.0 MiB
[trace] tok=0 encode=68µs wait=0µs sync=0µs disp=76 bar=67 commit=0 cold=0 bytes≈0.00GiB
               embed      0µs  ~0.0 MiB
             lm_head      0µs  ~0.1 MiB
      softcap_argmax      0µs  ~0.0 MiB
[trace] tok=0 encode=27µs wait=0µs sync=0µs disp=76 bar=67 commit=0 cold=0 bytes≈0.00GiB
               embed      0µs  ~0.0 MiB
             lm_head      0µs  ~0.1 MiB
      softcap_argmax      0µs  ~0.0 MiB
[trace] tok=0 encode=23µs wait=0µs sync=0µs disp=76 bar=67 commit=0 cold=0 bytes≈0.00GiB
               embed      0µs  ~0.0 MiB
             lm_head      0µs  ~0.1 MiB
      softcap_argmax      0µs  ~0.0 MiB
[trace] tok=0 encode=39µs wait=0µs sync=0µs disp=76 bar=67 commit=0 cold=0 bytes≈0.00GiB
               embed      0µs  ~0.0 MiB
             lm_head      0µs  ~0.1 MiB
      softcap_argmax      0µs  ~0.0 MiB
[trace] tok=0 encode=22µs wait=0µs sync=0µs disp=76 bar=67 commit=0 cold=0 bytes≈0.00GiB
               embed      0µs  ~0.0 MiB
             lm_head      0µs  ~0.1 MiB
      softcap_argmax      0µs  ~0.0 MiB
[trace] tok=0 encode=21µs wait=0µs sync=0µs disp=76 bar=67 commit=0 cold=0 bytes≈0.00GiB
               embed      0µs  ~0.0 MiB
             lm_head      0µs  ~0.1 MiB
      softcap_argmax      0µs  ~0.0 MiB
[trace] tok=0 encode=71µs wait=0µs sync=0µs disp=71 bar=73 commit=0 cold=0 bytes≈0.00GiB
               embed      1µs  ~0.0 MiB
               layer      0µs  ~0.0 MiB
               layer      0µs  ~0.0 MiB
               layer      0µs  ~0.0 MiB

[trace] aggregate over 1 tokens (host encode µs / est bytes):
                  op   ms_total      MiB_est
               embed       0.00          0.0
               layer       0.00          0.0
[trace] tok=0 encode=28µs wait=0µs sync=0µs disp=71 bar=73 commit=0 cold=0 bytes≈0.00GiB
               embed      0µs  ~0.0 MiB
               layer      0µs  ~0.0 MiB
               layer      0µs  ~0.0 MiB
               layer      0µs  ~0.0 MiB
[trace] tok=0 encode=28µs wait=0µs sync=0µs disp=71 bar=73 commit=0 cold=0 bytes≈0.00GiB
               embed      0µs  ~0.0 MiB
               layer      0µs  ~0.0 MiB
               layer      0µs  ~0.0 MiB
               layer      0µs  ~0.0 MiB
[trace] tok=0 encode=21µs wait=0µs sync=0µs disp=71 bar=73 commit=0 cold=0 bytes≈0.00GiB
               embed      0µs  ~0.0 MiB
               layer      0µs  ~0.0 MiB
               layer      0µs  ~0.0 MiB
               layer      0µs  ~0.0 MiB
[trace] tok=0 encode=21µs wait=0µs sync=0µs disp=71 bar=73 commit=0 cold=0 bytes≈0.00GiB
               embed      0µs  ~0.0 MiB
               layer      0µs  ~0.0 MiB
               layer      0µs  ~0.0 MiB
               layer      0µs  ~0.0 MiB
[trace] tok=0 encode=23µs wait=0µs sync=0µs disp=71 bar=73 commit=0 cold=0 bytes≈0.00GiB
               embed      0µs  ~0.0 MiB
               layer      0µs  ~0.0 MiB
               layer      0µs  ~0.0 MiB
               layer      0µs  ~0.0 MiB
[trace] tok=0 encode=20µs wait=0µs sync=0µs disp=71 bar=73 commit=0 cold=0 bytes≈0.00GiB
               embed      0µs  ~0.0 MiB
               layer      0µs  ~0.0 MiB
               layer      0µs  ~0.0 MiB
               layer      0µs  ~0.0 MiB
[trace] tok=0 encode=19µs wait=0µs sync=0µs disp=75 bar=66 commit=0 cold=0 bytes≈0.00GiB
               embed      0µs  ~0.0 MiB
             lm_head      0µs  ~0.1 MiB
      softcap_argmax      0µs  ~0.0 MiB
[trace] tok=0 encode=61085µs wait=0µs sync=0µs disp=596 bar=361 commit=0 cold=2 bytes≈0.00GiB
               embed  60371µs  ~0.0 MiB
               layer      0µs  ~0.0 MiB
               layer      0µs  ~0.0 MiB
               layer      0µs  ~0.0 MiB
               layer      0µs  ~0.0 MiB

[trace] aggregate over 1 tokens (host encode µs / est bytes):
                  op   ms_total      MiB_est
               embed      60.37          0.0
               layer       0.00          0.0
[trace] tok=0 encode=259µs wait=0µs sync=0µs disp=596 bar=361 commit=0 cold=0 bytes≈0.00GiB
               embed      2µs  ~0.0 MiB
               layer      0µs  ~0.0 MiB
               layer      0µs  ~0.0 MiB
               layer      0µs  ~0.0 MiB
               layer      0µs  ~0.0 MiB
[trace] tok=0 encode=273µs wait=0µs sync=0µs disp=596 bar=361 commit=0 cold=0 bytes≈0.00GiB
               embed      1µs  ~0.0 MiB
               layer      0µs  ~0.0 MiB
               layer      0µs  ~0.0 MiB
               layer      0µs  ~0.0 MiB
               layer      0µs  ~0.0 MiB
encode_once: DecodeIcb layer-graph attached (decode_icb cmds=594 layer_graph=true encoded=true optimized=true executes=0 sticky_buf=106/5003 prebuilt=594 last_setAddress=0/0 last_setArgTable=0 elided=0)
encode_once: scalar-write tape ops=2361 (skip-nop replay)
[trace] tok=0 encode=711µs wait=0µs sync=0µs disp=599 bar=363 commit=0 cold=0 bytes≈0.39GiB
               embed      0µs  ~0.0 MiB
               layer      0µs  ~0.0 MiB
               layer      0µs  ~0.0 MiB
               layer      0µs  ~0.0 MiB
               layer      0µs  ~0.0 MiB
[trace] tok=0 encode=155µs wait=0µs sync=0µs disp=600 bar=365 commit=0 cold=0 bytes≈0.39GiB
               embed      3µs  ~0.0 MiB
             lm_head      0µs  ~401.0 MiB
      softcap_argmax      0µs  ~1.0 MiB
[trace] tok=0 encode=250µs wait=0µs sync=0µs disp=596 bar=361 commit=0 cold=0 bytes≈0.00GiB
               embed     20µs  ~0.0 MiB
               layer      0µs  ~0.0 MiB
               layer      0µs  ~0.0 MiB
               layer      0µs  ~0.0 MiB
               layer      0µs  ~0.0 MiB

[trace] aggregate over 1 tokens (host encode µs / est bytes):
                  op   ms_total      MiB_est
               embed       0.02          0.0
               layer       0.00          0.0
[trace] tok=0 encode=194µs wait=0µs sync=0µs disp=596 bar=361 commit=0 cold=0 bytes≈0.00GiB
               embed      2µs  ~0.0 MiB
               layer      0µs  ~0.0 MiB
               layer      0µs  ~0.0 MiB
               layer      0µs  ~0.0 MiB
               layer      0µs  ~0.0 MiB
[trace] tok=0 encode=196µs wait=0µs sync=0µs disp=596 bar=361 commit=0 cold=0 bytes≈0.00GiB
               embed      1µs  ~0.0 MiB
               layer      0µs  ~0.0 MiB
               layer      0µs  ~0.0 MiB
               layer      0µs  ~0.0 MiB
               layer      0µs  ~0.0 MiB
[trace] tok=0 encode=127µs wait=0µs sync=0µs disp=599 bar=364 commit=0 cold=0 bytes≈0.39GiB
               embed      1µs  ~0.0 MiB
             lm_head      0µs  ~401.0 MiB
      softcap_argmax      0µs  ~1.0 MiB
[trace] tok=0 encode=322µs wait=0µs sync=0µs disp=596 bar=361 commit=0 cold=0 bytes≈0.00GiB
               embed     30µs  ~0.0 MiB
               layer      0µs  ~0.0 MiB
               layer      0µs  ~0.0 MiB
               layer      0µs  ~0.0 MiB
               layer      0µs  ~0.0 MiB

[trace] aggregate over 1 tokens (host encode µs / est bytes):
                  op   ms_total      MiB_est
               embed       0.03          0.0
               layer       0.00          0.0
[trace] tok=0 encode=202µs wait=0µs sync=0µs disp=596 bar=361 commit=0 cold=0 bytes≈0.00GiB
               embed      2µs  ~0.0 MiB
               layer      0µs  ~0.0 MiB
               layer      0µs  ~0.0 MiB
               layer      0µs  ~0.0 MiB
               layer      0µs  ~0.0 MiB
[trace] tok=0 encode=197µs wait=0µs sync=0µs disp=596 bar=361 commit=0 cold=0 bytes≈0.00GiB
               embed      1µs  ~0.0 MiB
               layer      0µs  ~0.0 MiB
               layer      0µs  ~0.0 MiB
               layer      0µs  ~0.0 MiB
               layer      0µs  ~0.0 MiB
[trace] tok=0 encode=128µs wait=0µs sync=0µs disp=599 bar=364 commit=0 cold=0 bytes≈0.39GiB
               embed      1µs  ~0.0 MiB
             lm_head      0µs  ~401.0 MiB
      softcap_argmax      0µs  ~1.0 MiB
[trace] tok=0 encode=168µs wait=0µs sync=0µs disp=600 bar=365 commit=0 cold=0 bytes≈0.39GiB
               embed      3µs  ~0.0 MiB
             lm_head      0µs  ~401.0 MiB
      softcap_argmax      0µs  ~1.0 MiB
[trace] tok=0 encode=118µs wait=0µs sync=0µs disp=600 bar=365 commit=0 cold=0 bytes≈0.39GiB
               embed      1µs  ~0.0 MiB
             lm_head      0µs  ~401.0 MiB
      softcap_argmax      0µs  ~1.0 MiB
[trace] tok=0 encode=128µs wait=0µs sync=0µs disp=600 bar=365 commit=0 cold=0 bytes≈0.39GiB
               embed      0µs  ~0.0 MiB
             lm_head      0µs  ~401.0 MiB
      softcap_argmax      0µs  ~1.0 MiB
[trace] tok=0 encode=155µs wait=0µs sync=0µs disp=600 bar=365 commit=0 cold=0 bytes≈0.39GiB
               embed      0µs  ~0.0 MiB
             lm_head      0µs  ~401.0 MiB
      softcap_argmax      0µs  ~1.0 MiB
[trace] tok=0 encode=180µs wait=0µs sync=0µs disp=600 bar=365 commit=0 cold=0 bytes≈0.39GiB
               embed      0µs  ~0.0 MiB
             lm_head      0µs  ~401.0 MiB
      softcap_argmax      0µs  ~1.0 MiB
[trace] tok=0 encode=180µs wait=0µs sync=0µs disp=600 bar=365 commit=0 cold=0 bytes≈0.39GiB
               embed      0µs  ~0.0 MiB
             lm_head      0µs  ~401.0 MiB
      softcap_argmax      0µs  ~1.0 MiB
[trace] tok=0 encode=188µs wait=0µs sync=0µs disp=600 bar=365 commit=0 cold=0 bytes≈0.39GiB
               embed      0µs  ~0.0 MiB
             lm_head      0µs  ~401.0 MiB
      softcap_argmax      0µs  ~1.0 MiB
[trace] tok=0 encode=242µs wait=0µs sync=0µs disp=600 bar=365 commit=0 cold=0 bytes≈0.39GiB
               embed      0µs  ~0.0 MiB
             lm_head      0µs  ~401.0 MiB
      softcap_argmax      0µs  ~1.0 MiB
[trace] tok=0 encode=226µs wait=0µs sync=0µs disp=600 bar=365 commit=0 cold=0 bytes≈0.39GiB
               embed      1µs  ~0.0 MiB
             lm_head      0µs  ~401.0 MiB
      softcap_argmax      0µs  ~1.0 MiB
[trace] tok=0 encode=219µs wait=0µs sync=0µs disp=600 bar=365 commit=0 cold=0 bytes≈0.39GiB
               embed      1µs  ~0.0 MiB
             lm_head      0µs  ~401.0 MiB
      softcap_argmax      0µs  ~1.0 MiB
[trace] tok=0 encode=204µs wait=0µs sync=0µs disp=600 bar=365 commit=0 cold=0 bytes≈0.39GiB
               embed      1µs  ~0.0 MiB
             lm_head      0µs  ~401.0 MiB
      softcap_argmax      0µs  ~1.0 MiB
[trace] tok=0 encode=181µs wait=0µs sync=0µs disp=600 bar=365 commit=0 cold=0 bytes≈0.39GiB
               embed      0µs  ~0.0 MiB
             lm_head      0µs  ~401.0 MiB
      softcap_argmax      0µs  ~1.0 MiB
[trace] tok=0 encode=194µs wait=0µs sync=0µs disp=600 bar=365 commit=0 cold=0 bytes≈0.39GiB
               embed      1µs  ~0.0 MiB
             lm_head      0µs  ~401.0 MiB
      softcap_argmax      0µs  ~1.0 MiB
[trace] tok=0 encode=183µs wait=0µs sync=0µs disp=600 bar=365 commit=0 cold=0 bytes≈0.39GiB
               embed      0µs  ~0.0 MiB
             lm_head      0µs  ~401.0 MiB
      softcap_argmax      0µs  ~1.0 MiB
[trace] tok=0 encode=165µs wait=0µs sync=0µs disp=600 bar=365 commit=0 cold=0 bytes≈0.39GiB
               embed      0µs  ~0.0 MiB
             lm_head      0µs  ~401.0 MiB
      softcap_argmax      0µs  ~1.0 MiB
[trace] tok=0 encode=184µs wait=0µs sync=0µs disp=600 bar=365 commit=0 cold=0 bytes≈0.39GiB
               embed      0µs  ~0.0 MiB
             lm_head      0µs  ~401.0 MiB
      softcap_argmax      0µs  ~1.0 MiB
